Microchip MPLAB XC8 Compiler V2.36

Linker command line:

-W-3 --edf=C:\Program Files\Microchip\xc8\v2.36\pic\dat\en_msgs.txt -cn \
  -h+dist/default/production\Embedded_Projects_Ahmed_Abdelghafar_course.production.sym \
  --cmf=dist/default/production\Embedded_Projects_Ahmed_Abdelghafar_course.production.cmf \
  -z -Q18F4620 -oC:\Users\Maghraby\AppData\Local\Temp\xcAs2pg.4 \
  --defsym=__MPLAB_BUILD=1 \
  -Mdist/default/production/Embedded_Projects_Ahmed_Abdelghafar_course.production.map \
  --md=C:\Users\Maghraby\AppData\Local\Temp\xcAs2pg.dat -E1 \
  -ver=XC8 Compiler --acfsm=1493 -ACODE=00h-0FFFFh -ACONST=00h-0FFFFh \
  -ASMALLCONST=01000h-010FFhx240 -AMEDIUMCONST=01000h-0FFFFh \
  -ACOMRAM=01h-07Fh -AABS1=00h-0F7Fh -ABIGRAM=01h-0F7Fh \
  -ARAM=080h-0FFh,0100h-01FFhx14,0F00h-0F7Fh -ABANK0=080h-0FFh \
  -ABANK1=0100h-01FFh -ABANK2=0200h-02FFh -ABANK3=0300h-03FFh \
  -ABANK4=0400h-04FFh -ABANK5=0500h-05FFh -ABANK6=0600h-06FFh \
  -ABANK7=0700h-07FFh -ABANK8=0800h-08FFh -ABANK9=0900h-09FFh \
  -ABANK10=0A00h-0AFFh -ABANK11=0B00h-0BFFh -ABANK12=0C00h-0CFFh \
  -ABANK13=0D00h-0DFFh -ABANK14=0E00h-0EFFh -ABANK15=0F00h-0F7Fh \
  -ASFR=0F80h-0FFFh -ABIGSFR=0F80h-0FFFh -ACONFIG=0300000h-030000Dh \
  -AIDLOC=0200000h-0200007h -AEEDATA=0F00000h-0F003FFh -peeprom_data=EEDATA \
  -preset_vec=00h,intcode=08h,intcodelo,powerup,init -pramtop=01000h \
  -psmallconst=SMALLCONST -pmediumconst=MEDIUMCONST -pconst=CONST \
  -AFARRAM=00h-00h \
  -prdata=COMRAM,nvrram=COMRAM,nvbit=COMRAM,rbss=COMRAM,rbit=COMRAM \
  -pfarbss=FARRAM,fardata=FARRAM,nvFARRAM=FARRAM \
  -pintsave_regs=BIGRAM,bigbss=BIGRAM,bigdata=BIGRAM -pbss=RAM \
  -pidata=CODE,irdata=CODE,ibigdata=CODE,ifardata=CODE -prparam=COMRAM \
  C:\Users\Maghraby\AppData\Local\Temp\xcAs2pg.o \
  dist/default/production\Embedded_Projects_Ahmed_Abdelghafar_course.production.o 

Object code version is 3.11

Machine type is 18F4620



                Name                               Link     Load   Length Selector   Space Scale
C:\Users\Maghraby\AppData\Local\Temp\xcAs2pg.o
                idloc                            200000   200000        8        0       5
                config                           300000   300000        E        0       4
                init                                  E        E        4        4       0
                reset_vec                             0        0        4        0       0
dist/default/production\Embedded_Projects_Ahmed_Abdelghafar_course.production.o
                intcode                               8        8        6        4       0
                idloc                            200000   200000        8        0       5
                config                           300000   300000        E        0       4
                temp                                 72       72        1        1       1
                smallconst                         1000     1000       20      800       0
                text60                             4438     4438        4      810       0
                text59                             3B68     3B68       96      810       0
                text58                             43EA     43EA       1A      810       0
                text57                             43D0     43D0       1A      810       0
                text56                             3DA8     3DA8       7A      810       0
                text55                             4296     4296       30      810       0
                text54                             4434     4434        4      810       0
                text53                             4430     4430        4      810       0
                text52                             442C     442C        4      810       0
                text51                             4428     4428        4      810       0
                text50                             43B6     43B6       1A      810       0
                text49                             439C     439C       1A      810       0
                text48                             4382     4382       1A      810       0
                text47                             4368     4368       1A      810       0
                text46                             4424     4424        4      810       0
                text45                             4418     4418        8      810       0
                text44                             4228     4228       38      810       0
                text43                             4410     4410        8      810       0
                text42                             4404     4404        C      810       0
                intcode_body                       21FA     21FA      386      810       0
                text40                             2EE8     2EE8      176      810       0
                text39                             2D60     2D60      188      810       0
                text38                             305E     305E      164      810       0
                text37                             41E8     41E8       40      810       0
                text36                             443C     443C        2      810       0
                text35                             3662     3662       CA      810       0
                text34                             41A4     41A4       44      810       0
                text33                             4260     4260       36      810       0
                text32                             372C     372C       C2      810       0
                text31                             2580     2580      2E0      810       0
                text30                             2860     2860      1BE      810       0
                text29                             3E8E     3E8E       64      810       0
                text28                             4152     4152       52      810       0
                text27                             4000     4000       56      810       0
                text26                             1576     1576      4C0      810       0
                text25                             1E60     1E60      39A      810       0
                text24                             1A36     1A36      42A      810       0
                text23                             355A     355A      108      810       0
                text22                             2A1E     2A1E      1B4      810       0
                text21                             1020     1020      556      810       0
                text20                             40FE     40FE       54      810       0
                text19                             434E     434E       1A      810       0
                text18                             4334     4334       1A      810       0
                text17                             4316     4316       1E      810       0
                text16                             3FAA     3FAA       56      810       0
                text15                             40AA     40AA       54      810       0
                text14                             3D1C     3D1C       8C      810       0
                text13                             3BFE     3BFE       90      810       0
                text12                             4056     4056       54      810       0
                text11                             3EF2     3EF2       60      810       0
                text10                             38AC     38AC       B8      810       0
                text9                              31C2     31C2      148      810       0
                text8                              330A     330A      130      810       0
                text7                              3E22     3E22       6C      810       0
                text6                              3A16     3A16       B2      810       0
                text5                              343A     343A      120      810       0
                text4                              3964     3964       B2      810       0
                text3                              3AC8     3AC8       A0      810       0
                text2                              37EE     37EE       BE      810       0
                text1                              3F52     3F52       58      810       0
                text0                              2BD2     2BD2      18E      810       0
                cstackCOMRAM                          1        1       64        1       1
                cstackBANK0                          E7       E7       16       80       1
                cstackBANK1                         14E      14E        C      100       1
                dataBANK1                           100      100       2E      100       1
                bssBANK1                            12E      12E       20      100       1
                dataBANK0                            C5       C5       22       80       1
                bssBANK0                             80       80       45       80       1
                dataCOMRAM                           6E       6E        4        1       1
                bssCOMRAM                            65       65        9        1       1
                cinit                              3C8E     3C8E       8E      810       0
                idataBANK1                         42C6     42C6       2E      810       0
                idataBANK0                         42F4     42F4       22      810       0
                idataCOMRAM                        4420     4420        4      810       0

TOTAL           Name                               Link     Load   Length     Space
        CLASS   CODE           
                intcode                               8        8        6         0
                init                                  E        E        4         0
                reset_vec                             0        0        4         0
                text60                             4438     4438        4         0
                text59                             3B68     3B68       96         0
                text58                             43EA     43EA       1A         0
                text57                             43D0     43D0       1A         0
                text56                             3DA8     3DA8       7A         0
                text55                             4296     4296       30         0
                text54                             4434     4434        4         0
                text53                             4430     4430        4         0
                text52                             442C     442C        4         0
                text51                             4428     4428        4         0
                text50                             43B6     43B6       1A         0
                text49                             439C     439C       1A         0
                text48                             4382     4382       1A         0
                text47                             4368     4368       1A         0
                text46                             4424     4424        4         0
                text45                             4418     4418        8         0
                text44                             4228     4228       38         0
                text43                             4410     4410        8         0
                text42                             4404     4404        C         0
                intcode_body                       21FA     21FA      386         0
                text40                             2EE8     2EE8      176         0
                text39                             2D60     2D60      188         0
                text38                             305E     305E      164         0
                text37                             41E8     41E8       40         0
                text36                             443C     443C        2         0
                text35                             3662     3662       CA         0
                text34                             41A4     41A4       44         0
                text33                             4260     4260       36         0
                text32                             372C     372C       C2         0
                text31                             2580     2580      2E0         0
                text30                             2860     2860      1BE         0
                text29                             3E8E     3E8E       64         0
                text28                             4152     4152       52         0
                text27                             4000     4000       56         0
                text26                             1576     1576      4C0         0
                text25                             1E60     1E60      39A         0
                text24                             1A36     1A36      42A         0
                text23                             355A     355A      108         0
                text22                             2A1E     2A1E      1B4         0
                text21                             1020     1020      556         0
                text20                             40FE     40FE       54         0
                text19                             434E     434E       1A         0
                text18                             4334     4334       1A         0
                text17                             4316     4316       1E         0
                text16                             3FAA     3FAA       56         0
                text15                             40AA     40AA       54         0
                text14                             3D1C     3D1C       8C         0
                text13                             3BFE     3BFE       90         0
                text12                             4056     4056       54         0
                text11                             3EF2     3EF2       60         0
                text10                             38AC     38AC       B8         0
                text9                              31C2     31C2      148         0
                text8                              330A     330A      130         0
                text7                              3E22     3E22       6C         0
                text6                              3A16     3A16       B2         0
                text5                              343A     343A      120         0
                text4                              3964     3964       B2         0
                text3                              3AC8     3AC8       A0         0
                text2                              37EE     37EE       BE         0
                text1                              3F52     3F52       58         0
                text0                              2BD2     2BD2      18E         0
                cinit                              3C8E     3C8E       8E         0
                idataBANK1                         42C6     42C6       2E         0
                idataBANK0                         42F4     42F4       22         0
                idataCOMRAM                        4420     4420        4         0

        CLASS   CONST          

        CLASS   SMALLCONST     
                smallconst                         1000     1000       20         0

        CLASS   MEDIUMCONST    

        CLASS   COMRAM         
                temp                                 72       72        1         1
                cstackCOMRAM                          1        1       64         1
                dataCOMRAM                           6E       6E        4         1
                bssCOMRAM                            65       65        9         1

        CLASS   ABS1           

        CLASS   BIGRAM         

        CLASS   RAM            

        CLASS   BANK0          
                cstackBANK0                          E7       E7       16         1
                dataBANK0                            C5       C5       22         1
                bssBANK0                             80       80       45         1

        CLASS   BANK1          
                cstackBANK1                         14E      14E        C         1
                dataBANK1                           100      100       2E         1
                bssBANK1                            12E      12E       20         1

        CLASS   BANK2          

        CLASS   BANK3          

        CLASS   BANK4          

        CLASS   BANK5          

        CLASS   BANK6          

        CLASS   BANK7          

        CLASS   BANK8          

        CLASS   BANK9          

        CLASS   BANK10         

        CLASS   BANK11         

        CLASS   BANK12         

        CLASS   BANK13         

        CLASS   BANK14         

        CLASS   BANK15         

        CLASS   SFR            

        CLASS   BIGSFR         

        CLASS   CONFIG         
                config                           300000   300000        E         4

        CLASS   IDLOC          
                idloc                            200000   200000        8         5

        CLASS   EEDATA         

        CLASS   FARRAM         

        CLASS   HEAP           

        CLASS   STACK          



SEGMENTS        Name                           Load    Length   Top    Selector   Space  Class

                reset_vec                      000000  000004  000004         0       0  CODE    
                cstackCOMRAM                   000001  000072  000073         1       1  COMRAM  
                intcode                        000008  00000A  000012         4       0  CODE    
                bssBANK0                       000080  00007D  0000FD        80       1  BANK0   
                dataBANK1                      000100  00005A  00015A       100       1  BANK1   
                smallconst                     001000  000020  001020       800       0  SMALLCON
                text21                         001020  00341E  00443E       810       0  CODE    


UNUSED ADDRESS RANGES

        Name                Unused          Largest block    Delta
        BANK0            0000FD-0000FF                3
        BANK1            00015A-0001FF               A6
        BANK10           000A00-000AFF              100
        BANK11           000B00-000BFF              100
        BANK12           000C00-000CFF              100
        BANK13           000D00-000DFF              100
        BANK14           000E00-000EFF              100
        BANK15           000F00-000F7F               80
        BANK2            000200-0002FF              100
        BANK3            000300-0003FF              100
        BANK4            000400-0004FF              100
        BANK5            000500-0005FF              100
        BANK6            000600-0006FF              100
        BANK7            000700-0007FF              100
        BANK8            000800-0008FF              100
        BANK9            000900-0009FF              100
        BIGRAM           000073-00007F                D
                         0000FD-0000FF                3
                         00015A-000F7F              E26
        BIGSFR           000F80-000FFF               80
        CODE             000004-000007                4
                         000012-000FFF              FEE
                         00443E-00FFFF             BBC2
        COMRAM           000073-00007F                D
        CONST            000004-000007                4
                         000012-000FFF              FEE
                         00443E-00FFFF             BBC2
        EEDATA           F00000-F003FF              400
        MEDIUMCONST      00443E-00FFFF             BBC2
        RAM              0000FD-0000FF                3
                         00015A-000F7F              100
        SFR              000F80-000FFF               80
        SMALLCONST       00443E-00FFFF              100

                                  Symbol Table

?___aodiv                                      cstackCOMRAM 00000E
?___aomod                                      cstackCOMRAM 00000E
?___fladd                                      cstackCOMRAM 00004E
?___fldiv                                      cstackCOMRAM 000035
?___flmul                                      cstackCOMRAM 00001C
?___fltol                                      cstackCOMRAM 00005E
?___xxtofl                                     cstackCOMRAM 00000E
?_abs                                          cstackCOMRAM 000020
?_dtoa                                         cstackCOMRAM 000029
?_pad                                          cstackCOMRAM 00001E
?_sprintf                                      cstackBANK0  0000E7
?_strlen                                       cstackCOMRAM 00000E
?_vfpfcnvrt                                    cstackCOMRAM 00004D
?_vfprintf                                     cstackCOMRAM 00005D
RB4_ISR@source                                 cstackCOMRAM 000001
RB5_ISR@source                                 cstackCOMRAM 000001
RB6_ISR@source                                 cstackCOMRAM 000001
RB7_ISR@source                                 cstackCOMRAM 000001
_ADCON0bits                                    (abs)        000FC2
_ADCON1bits                                    (abs)        000FC1
_ADCON2bits                                    (abs)        000FC0
_ADC_ISR                                       text60       004438
_ADC_InterruptHandler                          bssBANK0     0000B6
_ADRESH                                        (abs)        000FC4
_ADRESL                                        (abs)        000FC3
_CCP1CONbits                                   (abs)        000FBD
_CCP1_ISR                                      text55       004296
_CCP1_InterruptHandler                         bssBANK0     000090
_CCP2CONbits                                   (abs)        000FBA
_CCP2_ISR                                      text54       004434
_CCP2_InterruptHandler                         bssBANK0     00008E
_CCPR1H                                        (abs)        000FBF
_CCPR1L                                        (abs)        000FBE
_CCPR2H                                        (abs)        000FBC
_CCPR2L                                        (abs)        000FBB
_EEADR                                         (abs)        000FA9
_EEADRH                                        (abs)        000FAA
_EECON1bits                                    (abs)        000FA6
_EECON2                                        (abs)        000FA7
_EEDATA                                        (abs)        000FA8
_INT0_ISR                                      text53       004430
_INT0_InterruptHandler                         bssBANK0     0000B4
_INT1_ISR                                      text52       00442C
_INT1_InterruptHandler                         bssBANK0     0000B2
_INT2_ISR                                      text51       004428
_INT2_InterruptHandler                         bssBANK0     0000B0
_INTCON2bits                                   (abs)        000FF1
_INTCON3bits                                   (abs)        000FF0
_INTCONbits                                    (abs)        000FF2
_InterruptManager                              intcode      000008
_LATA                                          (abs)        000F89
_LATB                                          (abs)        000F8A
_LATC                                          (abs)        000F8B
_LATD                                          (abs)        000F8C
_LATE                                          (abs)        000F8D
_PIE1bits                                      (abs)        000F9D
_PIE2bits                                      (abs)        000FA0
_PIR1bits                                      (abs)        000F9E
_PIR2bits                                      (abs)        000FA1
_PORTA                                         (abs)        000F80
_PORTB                                         (abs)        000F81
_PORTBbits                                     (abs)        000F81
_PORTC                                         (abs)        000F82
_PORTD                                         (abs)        000F83
_PORTE                                         (abs)        000F84
_PR2                                           (abs)        000FCB
_RB4_Flag                                      dataCOMRAM   000071
_RB4_ISR                                       text50       0043B6
_RB4_InterruptHandler_High                     bssBANK0     0000AE
_RB4_InterruptHandler_Low                      bssBANK0     0000AC
_RB5_Flag                                      dataCOMRAM   000070
_RB5_ISR                                       text49       00439C
_RB5_InterruptHandler_High                     bssBANK0     0000AA
_RB5_InterruptHandler_Low                      bssBANK0     0000A8
_RB6_Flag                                      dataCOMRAM   00006F
_RB6_ISR                                       text48       004382
_RB6_InterruptHandler_High                     bssBANK0     0000A6
_RB6_InterruptHandler_Low                      bssBANK0     0000A4
_RB7_Flag                                      dataCOMRAM   00006E
_RB7_ISR                                       text47       004368
_RB7_InterruptHandler_High                     bssBANK0     0000A2
_RB7_InterruptHandler_Low                      bssBANK0     0000A0
_T0CONbits                                     (abs)        000FD5
_T1CONbits                                     (abs)        000FCD
_T2CONbits                                     (abs)        000FCA
_T3CONbits                                     (abs)        000FB1
_TMR0H                                         (abs)        000FD7
_TMR0L                                         (abs)        000FD6
_TMR0_InterruptHandler                         bssBANK0     00009E
_TMR1                                          (abs)        000FCE
_TMR1H                                         (abs)        000FCF
_TMR1L                                         (abs)        000FCE
_TMR1_InterruptHandler                         bssBANK0     00009C
_TMR2                                          (abs)        000FCC
_TMR2_InterruptHandler                         bssBANK0     00009A
_TMR3                                          (abs)        000FB2
_TMR3H                                         (abs)        000FB3
_TMR3L                                         (abs)        000FB2
_TMR3_InterruptHandler                         bssBANK0     000098
_TRISA                                         (abs)        000F92
_TRISB                                         (abs)        000F93
_TRISC                                         (abs)        000F94
_TRISD                                         (abs)        000F95
_TRISE                                         (abs)        000F96
_Timer0_ISR                                    text46       004424
_Timer1_ISR                                    text44       004228
_Timer2_ISR                                    text43       004410
_Timer3_ISR                                    text42       004404
__HRAM                                         (abs)        000000
__Habs1                                        abs1         000000
__Hbank0                                       bank0        000000
__Hbank1                                       bank1        000000
__Hbank10                                      bank10       000000
__Hbank11                                      bank11       000000
__Hbank12                                      bank12       000000
__Hbank13                                      bank13       000000
__Hbank14                                      bank14       000000
__Hbank15                                      bank15       000000
__Hbank2                                       bank2        000000
__Hbank3                                       bank3        000000
__Hbank4                                       bank4        000000
__Hbank5                                       bank5        000000
__Hbank6                                       bank6        000000
__Hbank7                                       bank7        000000
__Hbank8                                       bank8        000000
__Hbank9                                       bank9        000000
__Hbigbss                                      bigbss       000000
__Hbigdata                                     bigdata      000000
__Hbigram                                      bigram       000000
__Hbigsfr                                      bigsfr       000000
__Hbss                                         bss          000000
__HbssBANK0                                    bssBANK0     000000
__HbssBANK1                                    bssBANK1     000000
__HbssCOMRAM                                   bssCOMRAM    000000
__Hcinit                                       cinit        000000
__Hclrtext                                     clrtext      000000
__Hcomram                                      comram       000000
__Hconfig                                      config       30000E
__Hconst                                       const        000000
__HcstackBANK0                                 cstackBANK0  000000
__HcstackBANK1                                 cstackBANK1  000000
__HcstackCOMRAM                                cstackCOMRAM 000000
__Hdata                                        data         000000
__HdataBANK0                                   dataBANK0    000000
__HdataBANK1                                   dataBANK1    000000
__HdataCOMRAM                                  dataCOMRAM   000000
__Heeprom_data                                 eeprom_data  000000
__Hfarbss                                      farbss       000000
__Hfardata                                     fardata      000000
__Hheap                                        heap         000000
__Hibigdata                                    ibigdata     000000
__Hidata                                       idata        000000
__HidataBANK0                                  idataBANK0   000000
__HidataBANK1                                  idataBANK1   000000
__HidataCOMRAM                                 idataCOMRAM  000000
__Hidloc                                       idloc        200008
__Hifardata                                    ifardata     000000
__Hinit                                        init         000012
__Hintcode                                     intcode      00000E
__Hintcode_body                                intcode_body 000000
__Hintcodelo                                   intcodelo    00000E
__Hintentry                                    intentry     000000
__Hintret                                      intret       000000
__Hintsave_regs                                intsave_regs 000000
__Hirdata                                      irdata       000000
__Hmediumconst                                 mediumconst  000000
__HnvFARRAM                                    nvFARRAM     000000
__Hnvbit                                       nvbit        000000
__Hnvrram                                      nvrram       000000
__Hparam                                       rparam       000000
__Hpowerup                                     powerup      00000E
__Hram                                         ram          000000
__Hramtop                                      ramtop       001000
__Hrbit                                        rbit         000000
__Hrbss                                        rbss         000000
__Hrdata                                       rdata        000000
__Hreset_vec                                   reset_vec    000004
__Hrparam                                      rparam       000000
__Hsfr                                         sfr          000000
__Hsmallconst                                  smallconst   001020
__Hspace_0                                     (abs)        00443E
__Hspace_1                                     (abs)        00015A
__Hspace_2                                     (abs)        000000
__Hspace_4                                     (abs)        60000E
__Hstack                                       stack        000000
__Hstruct                                      struct       000000
__Htemp                                        temp         000073
__Htext                                        text         000000
__Htext0                                       text0        000000
__Htext1                                       text1        000000
__Htext10                                      text10       000000
__Htext11                                      text11       000000
__Htext12                                      text12       000000
__Htext13                                      text13       000000
__Htext14                                      text14       000000
__Htext15                                      text15       000000
__Htext16                                      text16       000000
__Htext17                                      text17       000000
__Htext18                                      text18       000000
__Htext19                                      text19       000000
__Htext2                                       text2        000000
__Htext20                                      text20       000000
__Htext21                                      text21       000000
__Htext22                                      text22       000000
__Htext23                                      text23       000000
__Htext24                                      text24       000000
__Htext25                                      text25       000000
__Htext26                                      text26       000000
__Htext27                                      text27       000000
__Htext28                                      text28       000000
__Htext29                                      text29       000000
__Htext3                                       text3        000000
__Htext30                                      text30       000000
__Htext31                                      text31       000000
__Htext32                                      text32       000000
__Htext33                                      text33       000000
__Htext34                                      text34       000000
__Htext35                                      text35       000000
__Htext36                                      text36       000000
__Htext37                                      text37       000000
__Htext38                                      text38       000000
__Htext39                                      text39       000000
__Htext4                                       text4        000000
__Htext40                                      text40       000000
__Htext42                                      text42       000000
__Htext43                                      text43       000000
__Htext44                                      text44       000000
__Htext45                                      text45       000000
__Htext46                                      text46       000000
__Htext47                                      text47       000000
__Htext48                                      text48       000000
__Htext49                                      text49       000000
__Htext5                                       text5        000000
__Htext50                                      text50       000000
__Htext51                                      text51       000000
__Htext52                                      text52       000000
__Htext53                                      text53       000000
__Htext54                                      text54       000000
__Htext55                                      text55       000000
__Htext56                                      text56       000000
__Htext57                                      text57       000000
__Htext58                                      text58       000000
__Htext59                                      text59       000000
__Htext6                                       text6        000000
__Htext60                                      text60       000000
__Htext61                                      text61       000000
__Htext7                                       text7        000000
__Htext8                                       text8        000000
__Htext9                                       text9        000000
__LRAM                                         (abs)        000001
__Labs1                                        abs1         000000
__Lbank0                                       bank0        000000
__Lbank1                                       bank1        000000
__Lbank10                                      bank10       000000
__Lbank11                                      bank11       000000
__Lbank12                                      bank12       000000
__Lbank13                                      bank13       000000
__Lbank14                                      bank14       000000
__Lbank15                                      bank15       000000
__Lbank2                                       bank2        000000
__Lbank3                                       bank3        000000
__Lbank4                                       bank4        000000
__Lbank5                                       bank5        000000
__Lbank6                                       bank6        000000
__Lbank7                                       bank7        000000
__Lbank8                                       bank8        000000
__Lbank9                                       bank9        000000
__Lbigbss                                      bigbss       000000
__Lbigdata                                     bigdata      000000
__Lbigram                                      bigram       000000
__Lbigsfr                                      bigsfr       000000
__Lbss                                         bss          000000
__LbssBANK0                                    bssBANK0     000000
__LbssBANK1                                    bssBANK1     000000
__LbssCOMRAM                                   bssCOMRAM    000000
__Lcinit                                       cinit        000000
__Lclrtext                                     clrtext      000000
__Lcomram                                      comram       000000
__Lconfig                                      config       000000
__Lconst                                       const        000000
__LcstackBANK0                                 cstackBANK0  000000
__LcstackBANK1                                 cstackBANK1  000000
__LcstackCOMRAM                                cstackCOMRAM 000000
__Ldata                                        data         000000
__LdataBANK0                                   dataBANK0    000000
__LdataBANK1                                   dataBANK1    000000
__LdataCOMRAM                                  dataCOMRAM   000000
__Leeprom_data                                 eeprom_data  000000
__Lfarbss                                      farbss       000000
__Lfardata                                     fardata      000000
__Lheap                                        heap         000000
__Libigdata                                    ibigdata     000000
__Lidata                                       idata        000000
__LidataBANK0                                  idataBANK0   000000
__LidataBANK1                                  idataBANK1   000000
__LidataCOMRAM                                 idataCOMRAM  000000
__Lidloc                                       idloc        000000
__Lifardata                                    ifardata     000000
__Linit                                        init         00000E
__Lintcode                                     intcode      000008
__Lintcode_body                                intcode_body 000000
__Lintcodelo                                   intcodelo    00000E
__Lintentry                                    intentry     000000
__Lintret                                      intret       000000
__Lintsave_regs                                intsave_regs 000000
__Lirdata                                      irdata       000000
__Lmediumconst                                 mediumconst  000000
__LnvFARRAM                                    nvFARRAM     000000
__Lnvbit                                       nvbit        000000
__Lnvrram                                      nvrram       000000
__Lparam                                       rparam       000000
__Lpowerup                                     powerup      00000E
__Lram                                         ram          000000
__Lramtop                                      ramtop       001000
__Lrbit                                        rbit         000000
__Lrbss                                        rbss         000000
__Lrdata                                       rdata        000000
__Lreset_vec                                   reset_vec    000000
__Lrparam                                      rparam       000000
__Lsfr                                         sfr          000000
__Lsmallconst                                  smallconst   001000
__Lspace_0                                     (abs)        000000
__Lspace_1                                     (abs)        000000
__Lspace_2                                     (abs)        000000
__Lspace_4                                     (abs)        000000
__Lstack                                       stack        000000
__Lstruct                                      struct       000000
__Ltemp                                        temp         000072
__Ltext                                        text         000000
__Ltext0                                       text0        000000
__Ltext1                                       text1        000000
__Ltext10                                      text10       000000
__Ltext11                                      text11       000000
__Ltext12                                      text12       000000
__Ltext13                                      text13       000000
__Ltext14                                      text14       000000
__Ltext15                                      text15       000000
__Ltext16                                      text16       000000
__Ltext17                                      text17       000000
__Ltext18                                      text18       000000
__Ltext19                                      text19       000000
__Ltext2                                       text2        000000
__Ltext20                                      text20       000000
__Ltext21                                      text21       000000
__Ltext22                                      text22       000000
__Ltext23                                      text23       000000
__Ltext24                                      text24       000000
__Ltext25                                      text25       000000
__Ltext26                                      text26       000000
__Ltext27                                      text27       000000
__Ltext28                                      text28       000000
__Ltext29                                      text29       000000
__Ltext3                                       text3        000000
__Ltext30                                      text30       000000
__Ltext31                                      text31       000000
__Ltext32                                      text32       000000
__Ltext33                                      text33       000000
__Ltext34                                      text34       000000
__Ltext35                                      text35       000000
__Ltext36                                      text36       000000
__Ltext37                                      text37       000000
__Ltext38                                      text38       000000
__Ltext39                                      text39       000000
__Ltext4                                       text4        000000
__Ltext40                                      text40       000000
__Ltext42                                      text42       000000
__Ltext43                                      text43       000000
__Ltext44                                      text44       000000
__Ltext45                                      text45       000000
__Ltext46                                      text46       000000
__Ltext47                                      text47       000000
__Ltext48                                      text48       000000
__Ltext49                                      text49       000000
__Ltext5                                       text5        000000
__Ltext50                                      text50       000000
__Ltext51                                      text51       000000
__Ltext52                                      text52       000000
__Ltext53                                      text53       000000
__Ltext54                                      text54       000000
__Ltext55                                      text55       000000
__Ltext56                                      text56       000000
__Ltext57                                      text57       000000
__Ltext58                                      text58       000000
__Ltext59                                      text59       000000
__Ltext6                                       text6        000000
__Ltext60                                      text60       000000
__Ltext61                                      text61       000000
__Ltext7                                       text7        000000
__Ltext8                                       text8        000000
__Ltext9                                       text9        000000
__S0                                           (abs)        00443E
__S1                                           (abs)        00015A
__S4                                           (abs)        000000
__S5                                           (abs)        000000
___aodiv                                       text39       002D60
___aodiv@counter                               cstackCOMRAM 00001E
___aodiv@dividend                              cstackCOMRAM 00000E
___aodiv@divisor                               cstackCOMRAM 000016
___aodiv@quotient                              cstackCOMRAM 000020
___aodiv@sign                                  cstackCOMRAM 00001F
___aomod                                       text38       00305E
___aomod@counter                               cstackCOMRAM 00001E
___aomod@dividend                              cstackCOMRAM 00000E
___aomod@divisor                               cstackCOMRAM 000016
___aomod@sign                                  cstackCOMRAM 00001F
___fladd                                       text26       001576
___fladd@a                                     cstackCOMRAM 000052
___fladd@aexp                                  cstackCOMRAM 00005B
___fladd@b                                     cstackCOMRAM 00004E
___fladd@bexp                                  cstackCOMRAM 00005C
___fladd@grs                                   cstackCOMRAM 00005D
___fladd@signs                                 cstackCOMRAM 00005A
___fldiv                                       text25       001E60
___fldiv@a                                     cstackCOMRAM 000039
___fldiv@aexp                                  cstackCOMRAM 00004D
___fldiv@b                                     cstackCOMRAM 000035
___fldiv@bexp                                  cstackCOMRAM 00004C
___fldiv@grs                                   cstackCOMRAM 000048
___fldiv@new_exp                               cstackCOMRAM 000046
___fldiv@rem                                   cstackCOMRAM 000041
___fldiv@sign                                  cstackCOMRAM 000045
___flmul                                       text24       001A36
___flmul@a                                     cstackCOMRAM 000020
___flmul@aexp                                  cstackCOMRAM 000029
___flmul@b                                     cstackCOMRAM 00001C
___flmul@bexp                                  cstackCOMRAM 00002E
___flmul@grs                                   cstackCOMRAM 00002A
___flmul@prod                                  cstackCOMRAM 00002F
___flmul@sign                                  cstackCOMRAM 000028
___flmul@temp                                  cstackCOMRAM 000033
___fltol                                       text23       00355A
___fltol@exp1                                  cstackCOMRAM 000063
___fltol@f1                                    cstackCOMRAM 00005E
___fltol@sign1                                 cstackCOMRAM 000062
___heap_hi                                     (abs)        000000
___heap_lo                                     (abs)        000000
___inthi_sp                                    stack        000000
___intlo_sp                                    stack        000000
___param_bank                                  (abs)        000000
___rparam_used                                 (abs)        000001
___sp                                          stack        000000
___xxtofl                                      text22       002A1E
___xxtofl@arg                                  cstackCOMRAM 000018
___xxtofl@exp                                  cstackCOMRAM 000017
___xxtofl@sign                                 cstackCOMRAM 000016
___xxtofl@val                                  cstackCOMRAM 00000E
__accesstop                                    (abs)        000080
__activetblptr                                 (abs)        000003
__end_of_ADC_ISR                               text60       00443C
__end_of_CCP1_ISR                              text55       0042C6
__end_of_CCP2_ISR                              text54       004438
__end_of_INT0_ISR                              text53       004434
__end_of_INT1_ISR                              text52       004430
__end_of_INT2_ISR                              text51       00442C
__end_of_InterruptManager                      intcode_body 002580
__end_of_RB4_ISR                               text50       0043D0
__end_of_RB5_ISR                               text49       0043B6
__end_of_RB6_ISR                               text48       00439C
__end_of_RB7_ISR                               text47       004382
__end_of_Timer0_ISR                            text46       004428
__end_of_Timer1_ISR                            text44       004260
__end_of_Timer2_ISR                            text43       004418
__end_of_Timer3_ISR                            text42       004410
__end_of___aodiv                               text39       002EE8
__end_of___aomod                               text38       0031C2
__end_of___fladd                               text26       001A36
__end_of___fldiv                               text25       0021FA
__end_of___flmul                               text24       001E60
__end_of___fltol                               text23       003662
__end_of___xxtofl                              text22       002BD2
__end_of__initialization                       cinit        003D12
__end_of_abs                                   text37       004228
__end_of_ccp1_app_isr                          text56       003E22
__end_of_convert_byte_to_string                text27       004056
__end_of_dtoa                                  text31       002860
__end_of_fputc                                 text35       00372C
__end_of_fputs                                 text34       0041E8
__end_of_gpio_pin_direction_initialize         text9        00330A
__end_of_gpio_pin_initialize                   text7        003E8E
__end_of_gpio_pin_write_logic                  text8        00343A
__end_of_hal_ccp_init                          text21       001576
__end_of_hal_ccp_readCaptureValue              text59       003BFE
__end_of_hal_timer1_config_timer1_oscillator   text20       004152
__end_of_hal_timer1_disable                    text19       004368
__end_of_hal_timer1_enable                     text18       00434E
__end_of_hal_timer1_initialize                 text10       003964
__end_of_hal_timer1_interrupt_enable           text17       004334
__end_of_hal_timer1_interrupt_handler_init     text16       004000
__end_of_hal_timer1_rw_8bit_16bit_mode         text15       0040FE
__end_of_hal_timer1_select_clock_source        text14       003DA8
__end_of_hal_timer1_set_prescaler              text13       003C8E
__end_of_hal_timer1_synchronize_external_clock text12       0040AA
__end_of_hal_timer1_write_value                text11       003F52
__end_of_keypad_btns                           smallconst   001011
__end_of_lcd_8bit_initialize                   text5        00355A
__end_of_lcd_8bit_send_char_data               text4        003A16
__end_of_lcd_8bit_send_command                 text6        003AC8
__end_of_lcd_8bit_send_string                  text3        003B68
__end_of_lcd_8bit_send_string_pos              text1        003FAA
__end_of_lcd_8bit_set_cursor                   text2        0038AC
__end_of_main                                  text0        002D60
__end_of_memset                                text40       00305E
__end_of_pad                                   text32       0037EE
__end_of_putch                                 text36       00443E
__end_of_sprintf                               text28       0041A4
__end_of_strlen                                text33       004296
__end_of_timer1_app_isr                        text45       004420
__end_of_vfpfcnvrt                             text30       002A1E
__end_of_vfprintf                              text29       003EF2
__end_ofi2_hal_timer1_disable                  text58       004404
__end_ofi2_hal_timer1_enable                   text57       0043EA
__initialization                               cinit        003C8E
__mediumconst                                  mediumconst  000000
__pbssBANK0                                    bssBANK0     000080
__pbssBANK1                                    bssBANK1     00012E
__pbssCOMRAM                                   bssCOMRAM    000065
__pcinit                                       cinit        003C8E
__pcstackBANK0                                 cstackBANK0  0000E7
__pcstackBANK1                                 cstackBANK1  00014E
__pcstackCOMRAM                                cstackCOMRAM 000001
__pdataBANK0                                   dataBANK0    0000C5
__pdataBANK1                                   dataBANK1    000100
__pdataCOMRAM                                  dataCOMRAM   00006E
__pidataBANK0                                  idataBANK0   0042F4
__pidataBANK1                                  idataBANK1   0042C6
__pidataCOMRAM                                 idataCOMRAM  004420
__pintcode                                     intcode      000008
__pintcode_body                                intcode_body 0021FA
__psmallconst                                  smallconst   001000
__ptext0                                       text0        002BD2
__ptext1                                       text1        003F52
__ptext10                                      text10       0038AC
__ptext11                                      text11       003EF2
__ptext12                                      text12       004056
__ptext13                                      text13       003BFE
__ptext14                                      text14       003D1C
__ptext15                                      text15       0040AA
__ptext16                                      text16       003FAA
__ptext17                                      text17       004316
__ptext18                                      text18       004334
__ptext19                                      text19       00434E
__ptext2                                       text2        0037EE
__ptext20                                      text20       0040FE
__ptext21                                      text21       001020
__ptext22                                      text22       002A1E
__ptext23                                      text23       00355A
__ptext24                                      text24       001A36
__ptext25                                      text25       001E60
__ptext26                                      text26       001576
__ptext27                                      text27       004000
__ptext28                                      text28       004152
__ptext29                                      text29       003E8E
__ptext3                                       text3        003AC8
__ptext30                                      text30       002860
__ptext31                                      text31       002580
__ptext32                                      text32       00372C
__ptext33                                      text33       004260
__ptext34                                      text34       0041A4
__ptext35                                      text35       003662
__ptext36                                      text36       00443C
__ptext37                                      text37       0041E8
__ptext38                                      text38       00305E
__ptext39                                      text39       002D60
__ptext4                                       text4        003964
__ptext40                                      text40       002EE8
__ptext42                                      text42       004404
__ptext43                                      text43       004410
__ptext44                                      text44       004228
__ptext45                                      text45       004418
__ptext46                                      text46       004424
__ptext47                                      text47       004368
__ptext48                                      text48       004382
__ptext49                                      text49       00439C
__ptext5                                       text5        00343A
__ptext50                                      text50       0043B6
__ptext51                                      text51       004428
__ptext52                                      text52       00442C
__ptext53                                      text53       004430
__ptext54                                      text54       004434
__ptext55                                      text55       004296
__ptext56                                      text56       003DA8
__ptext57                                      text57       0043D0
__ptext58                                      text58       0043EA
__ptext59                                      text59       003B68
__ptext6                                       text6        003A16
__ptext60                                      text60       004438
__ptext61                                      text61       000000
__ptext7                                       text7        003E22
__ptext8                                       text8        00330A
__ptext9                                       text9        0031C2
__ramtop                                       ramtop       001000
__smallconst                                   smallconst   001000
_abs                                           text37       0041E8
_ccp1_app_isr                                  text56       003DA8
_ccp1_pin                                      dataBANK0    0000E6
_ccp1obj                                       dataBANK1    00010A
_convert_byte_to_string                        text27       004000
_dbuf                                          bssBANK1     00012E
_dtoa                                          text31       002580
_dtoa$4173                                     cstackCOMRAM 00003B
_end                                           bssCOMRAM    00006C
_flags                                         bssCOMRAM    000065
_fputc                                         text35       003662
_fputs                                         text34       0041A4
_freq                                          bssBANK0     000084
_gpio_pin_direction_initialize                 text9        0031C2
_gpio_pin_initialize                           text7        003E22
_gpio_pin_write_logic                          text8        00330A
_hal_ccp_init                                  text21       001020
_hal_ccp_init$4707                             cstackBANK0  0000EF
_hal_ccp_init$4708                             cstackBANK0  0000F3
_hal_ccp_readCaptureValue                      text59       003B68
_hal_timer1_config_timer1_oscillator           text20       0040FE
_hal_timer1_disable                            text19       00434E
_hal_timer1_enable                             text18       004334
_hal_timer1_initialize                         text10       0038AC
_hal_timer1_interrupt_enable                   text17       004316
_hal_timer1_interrupt_handler_init             text16       003FAA
_hal_timer1_rw_8bit_16bit_mode                 text15       0040AA
_hal_timer1_select_clock_source                text14       003D1C
_hal_timer1_set_prescaler                      text13       003BFE
_hal_timer1_synchronize_external_clock         text12       004056
_hal_timer1_write_value                        text11       003EF2
_last_ovf                                      bssBANK0     000094
_lat_registers                                 dataBANK0    0000C5
_lcd8bit                                       dataBANK1    00011A
_lcd_1                                         dataBANK0    0000E0
_lcd_2                                         dataBANK1    000124
_lcd_8bit_initialize                           text5        00343A
_lcd_8bit_send_char_data                       text4        003964
_lcd_8bit_send_command                         text6        003A16
_lcd_8bit_send_string                          text3        003AC8
_lcd_8bit_send_string_pos                      text1        003F52
_lcd_8bit_set_cursor                           text2        0037EE
_main                                          text0        002BD2
_main$4668                                     cstackBANK1  000152
_memset                                        text40       002EE8
_nout                                          bssBANK0     000088
_ovf                                           bssBANK0     000096
_pad                                           text32       00372C
_period                                        bssBANK0     0000C1
_port_registers                                dataBANK1    000100
_prec                                          bssBANK0     00008C
_putch                                         text36       00443C
_second_edge_flag                              bssBANK0     0000B8
_sprintf                                       text28       004152
_st_en_flag                                    bssCOMRAM    00006B
_start                                         bssBANK0     000092
_strlen                                        text33       004260
_timer1_app_isr                                text45       004418
_timer1_isr_preload_value                      bssCOMRAM    000069
_timer2_preload                                bssBANK0     0000B9
_timer3_isr_preload_value                      bssCOMRAM    000067
_tmr1                                          dataBANK0    0000D9
_tris_registers                                dataBANK0    0000CF
_vfpfcnvrt                                     text30       002860
_vfprintf                                      text29       003E8E
_width                                         bssBANK0     00008A
abs@a                                          cstackCOMRAM 000020
btemp                                          temp         000072
convert_byte_to_string@str                     cstackBANK0  0000FA
convert_byte_to_string@value                   cstackBANK0  0000FC
dtoa@d                                         cstackCOMRAM 00002B
dtoa@fp                                        cstackCOMRAM 000029
dtoa@i                                         cstackCOMRAM 00004B
dtoa@n                                         cstackCOMRAM 000043
dtoa@p                                         cstackCOMRAM 00003D
dtoa@s                                         cstackCOMRAM 000041
dtoa@w                                         cstackCOMRAM 00003F
end_of_initialization                          cinit        003D12
fputc@c                                        cstackCOMRAM 00000E
fputc@fp                                       cstackCOMRAM 000010
fputs@c                                        cstackCOMRAM 00001B
fputs@fp                                       cstackCOMRAM 000019
fputs@i                                        cstackCOMRAM 00001C
fputs@s                                        cstackCOMRAM 000017
gpio_pin_direction_initialize@Status           cstackCOMRAM 000016
gpio_pin_direction_initialize@pin_config       cstackCOMRAM 00000E
gpio_pin_initialize@Status                     cstackCOMRAM 00001B
gpio_pin_initialize@pin_config                 cstackCOMRAM 000018
gpio_pin_write_logic@Status                    cstackCOMRAM 000017
gpio_pin_write_logic@logic                     cstackCOMRAM 000010
gpio_pin_write_logic@pin_config                cstackCOMRAM 00000E
hal_ccp_init@ccpobj                            cstackBANK0  0000EB
hal_ccp_readCaptureValue@ccpobj                cstackCOMRAM 000001
hal_ccp_readCaptureValue@ccpr_val              cstackCOMRAM 000006
hal_ccp_readCaptureValue@ccpr_val_3551         cstackCOMRAM 000008
hal_ccp_readCaptureValue@value                 cstackCOMRAM 000003
hal_timer1_config_timer1_oscillator@timer1     cstackCOMRAM 00000E
hal_timer1_disable@timer1                      cstackCOMRAM 00000E
hal_timer1_enable@timer1                       cstackCOMRAM 00000E
hal_timer1_initialize@timer1                   cstackCOMRAM 000012
hal_timer1_interrupt_enable@timer1             cstackCOMRAM 00000E
hal_timer1_interrupt_handler_init@timer1       cstackCOMRAM 00000E
hal_timer1_rw_8bit_16bit_mode@timer1           cstackCOMRAM 00000E
hal_timer1_select_clock_source@timer1          cstackCOMRAM 00000E
hal_timer1_set_prescaler@timer1                cstackCOMRAM 00000E
hal_timer1_synchronize_external_clock@timer1   cstackCOMRAM 00000E
hal_timer1_write_value@timer1                  cstackCOMRAM 00000E
hal_timer1_write_value@value                   cstackCOMRAM 000010
i2_hal_timer1_disable                          text58       0043EA
i2_hal_timer1_enable                           text57       0043D0
i2hal_timer1_disable@timer1                    cstackCOMRAM 000001
i2hal_timer1_enable@timer1                     cstackCOMRAM 000001
int$flags                                      temp         000072
int_func                                       intcode_body 0021FA
intlevel0                                      text         000000
intlevel1                                      text         000000
intlevel2                                      text         000000
intlevel3                                      text         000000
isa$std                                        (abs)        000001
isa$xinst                                      (abs)        000000
lcd_8bit_initialize@Status                     cstackCOMRAM 000026
lcd_8bit_initialize@l_data_pins_counter        cstackCOMRAM 000025
lcd_8bit_initialize@lcd                        cstackCOMRAM 000021
lcd_8bit_send_char_data@Status                 cstackCOMRAM 00001F
lcd_8bit_send_char_data@data                   cstackCOMRAM 00001A
lcd_8bit_send_char_data@l_lcd_pins_counter     cstackCOMRAM 000020
lcd_8bit_send_char_data@lcd                    cstackCOMRAM 000018
lcd_8bit_send_command@Status                   cstackCOMRAM 00001F
lcd_8bit_send_command@command                  cstackCOMRAM 00001A
lcd_8bit_send_command@l_lcd_pins_counter       cstackCOMRAM 000020
lcd_8bit_send_command@lcd                      cstackCOMRAM 000018
lcd_8bit_send_string@Status                    cstackCOMRAM 000025
lcd_8bit_send_string@lcd                       cstackCOMRAM 000021
lcd_8bit_send_string@str                       cstackCOMRAM 000023
lcd_8bit_send_string_pos@column                cstackCOMRAM 00002B
lcd_8bit_send_string_pos@lcd                   cstackCOMRAM 000028
lcd_8bit_send_string_pos@row                   cstackCOMRAM 00002A
lcd_8bit_send_string_pos@str                   cstackCOMRAM 00002C
lcd_8bit_set_cursor@Status                     cstackCOMRAM 000027
lcd_8bit_set_cursor@column                     cstackCOMRAM 000024
lcd_8bit_set_cursor@lcd                        cstackCOMRAM 000021
lcd_8bit_set_cursor@row                        cstackCOMRAM 000023
led_initialize@F2881                           bssBANK0     0000C0
led_toggle@F2896                               bssBANK0     0000BD
led_turn_off@F2891                             bssBANK0     0000BE
led_turn_on@F2886                              bssBANK0     0000BF
main@arr                                       cstackBANK1  000156
memset@c                                       cstackCOMRAM 000010
memset@dest                                    cstackCOMRAM 00000E
memset@k                                       cstackCOMRAM 000016
memset@n                                       cstackCOMRAM 000012
memset@s                                       cstackCOMRAM 000018
pad@buf                                        cstackCOMRAM 000020
pad@fp                                         cstackCOMRAM 00001E
pad@i                                          cstackCOMRAM 000025
pad@p                                          cstackCOMRAM 000022
pad@w                                          cstackCOMRAM 000027
relay_Off@F2889                                bssBANK0     0000BA
relay_On@F2884                                 bssBANK0     0000BB
relay_initialize@F2879                         bssBANK0     0000BC
sprintf@ap                                     cstackBANK0  0000ED
sprintf@f                                      cstackBANK0  0000EF
sprintf@fmt                                    cstackBANK0  0000E9
sprintf@s                                      cstackBANK0  0000E7
stackhi                                        (abs)        000000
stacklo                                        (abs)        000000
start                                          init         00000E
start_initialization                           cinit        003C8E
strlen@a                                       cstackCOMRAM 000010
strlen@s                                       cstackCOMRAM 00000E
ttemp5                                         temp         000073
ttemp6                                         temp         000076
ttemp7                                         temp         00007A
vfpfcnvrt@ap                                   cstackCOMRAM 000051
vfpfcnvrt@fmt                                  cstackCOMRAM 00004F
vfpfcnvrt@fp                                   cstackCOMRAM 00004D
vfpfcnvrt@ll                                   cstackCOMRAM 000055
vfprintf@ap                                    cstackCOMRAM 000061
vfprintf@cfmt                                  cstackCOMRAM 000063
vfprintf@fmt                                   cstackCOMRAM 00005F
vfprintf@fp                                    cstackCOMRAM 00005D
wtemp8                                         temp         000073


MODULE INFORMATION

Module		Function		Class		Link	Load	Size
C:\Program Files\Microchip\xc8\v2.36\pic\sources\c99\common\putch.c
		_putch         		CODE           	443C	0000	2

C:\Program Files\Microchip\xc8\v2.36\pic\sources\c99\common\putch.c estimated size: 2

C:\Program Files\Microchip\xc8\v2.36\pic\sources\c99\common\nf_fputs.c
		_fputs         		CODE           	41A4	0000	68

C:\Program Files\Microchip\xc8\v2.36\pic\sources\c99\common\nf_fputs.c estimated size: 68

C:\Program Files\Microchip\xc8\v2.36\pic\sources\c99\common\aomod.c
		___aomod       		CODE           	305E	0000	356

C:\Program Files\Microchip\xc8\v2.36\pic\sources\c99\common\aomod.c estimated size: 356

C:\Program Files\Microchip\xc8\v2.36\pic\sources\c99\common\sprcmul.c
		___flmul       		CODE           	1A36	0000	1066

C:\Program Files\Microchip\xc8\v2.36\pic\sources\c99\common\sprcmul.c estimated size: 1066

C:\Program Files\Microchip\xc8\v2.36\pic\sources\c99\common\sprcdiv.c
		___fldiv       		CODE           	1E60	0000	922

C:\Program Files\Microchip\xc8\v2.36\pic\sources\c99\common\sprcdiv.c estimated size: 922

C:\Program Files\Microchip\xc8\v2.36\pic\sources\c99\common\nf_sprintf.c
		_sprintf       		CODE           	4152	0000	82

C:\Program Files\Microchip\xc8\v2.36\pic\sources\c99\common\nf_sprintf.c estimated size: 82

C:\Program Files\Microchip\xc8\v2.36\pic\sources\c99\common\xxtofl.c
		___xxtofl      		CODE           	2A1E	0000	436

C:\Program Files\Microchip\xc8\v2.36\pic\sources\c99\common\xxtofl.c estimated size: 436

ECU_Layer/Chr_LCD/ecu_chr_lcd.c
		_lcd_8bit_set_cursor		CODE           	37EE	0000	190
		_lcd_8bit_initialize		CODE           	343A	0000	288
		_lcd_8bit_send_string		CODE           	3AC8	0000	160
		_lcd_8bit_send_command		CODE           	3A16	0000	178
		_convert_byte_to_string		CODE           	4000	0000	86
		_lcd_8bit_send_string_pos		CODE           	3F52	0000	88
		_lcd_8bit_send_char_data		CODE           	3964	0000	178

ECU_Layer/Chr_LCD/ecu_chr_lcd.c estimated size: 1168

C:\Program Files\Microchip\xc8\v2.36\pic\sources\c99\common\strlen.c
		_strlen        		CODE           	4260	0000	54

C:\Program Files\Microchip\xc8\v2.36\pic\sources\c99\common\strlen.c estimated size: 54

C:\Program Files\Microchip\xc8\v2.36\pic\sources\c99\common\aodiv.c
		___aodiv       		CODE           	2D60	0000	392

C:\Program Files\Microchip\xc8\v2.36\pic\sources\c99\common\aodiv.c estimated size: 392

C:\Program Files\Microchip\xc8\v2.36\pic\sources\c99\common\memset.c
		_memset        		CODE           	2EE8	0000	374

C:\Program Files\Microchip\xc8\v2.36\pic\sources\c99\common\memset.c estimated size: 374

C:\Program Files\Microchip\xc8\v2.36\pic\sources\c99\common\nf_fputc.c
		_fputc         		CODE           	3662	0000	202

C:\Program Files\Microchip\xc8\v2.36\pic\sources\c99\common\nf_fputc.c estimated size: 202

C:\Program Files\Microchip\xc8\v2.36\pic\sources\c99\common\sprcadd.c
		___fladd       		CODE           	1576	0000	1216

C:\Program Files\Microchip\xc8\v2.36\pic\sources\c99\common\sprcadd.c estimated size: 1216

C:\Program Files\Microchip\xc8\v2.36\pic\sources\c99\common\fltol.c
		___fltol       		CODE           	355A	0000	264

C:\Program Files\Microchip\xc8\v2.36\pic\sources\c99\common\fltol.c estimated size: 264

C:\Program Files\Microchip\xc8\v2.36\pic\sources\c99\common\doprnt.c
		_vfpfcnvrt     		CODE           	2860	0000	446
		_pad           		CODE           	372C	0000	194
		_dtoa          		CODE           	2580	0000	736
		_vfprintf      		CODE           	3E8E	0000	100

C:\Program Files\Microchip\xc8\v2.36\pic\sources\c99\common\doprnt.c estimated size: 1476

shared
		i2_hal_timer1_disable		CODE           	43EA	0000	26
		i2_hal_timer1_enable		CODE           	43D0	0000	26
		__initialization		CODE           	3C8E	0000	132
		_keypad_btns   		SMALLCONST     	0000	0000	0

shared estimated size: 184

MCAL_Layer/Interrupt/mcal_external_interrupt.c
		_RB4_ISR       		CODE           	43B6	0000	26
		_RB5_ISR       		CODE           	439C	0000	26
		_RB6_ISR       		CODE           	4382	0000	26
		_RB7_ISR       		CODE           	4368	0000	26
		_INT0_ISR      		CODE           	4430	0000	4
		_INT1_ISR      		CODE           	442C	0000	4
		_INT2_ISR      		CODE           	4428	0000	4

MCAL_Layer/Interrupt/mcal_external_interrupt.c estimated size: 116

MCAL_Layer/ADC/hal_adc.c
		_ADC_ISR       		CODE           	4438	0000	4

MCAL_Layer/ADC/hal_adc.c estimated size: 4

MCAL_Layer/Interrupt/mcal_interrupt_manager.c
		_InterruptManager		CODE           	0008	0000	908

MCAL_Layer/Interrupt/mcal_interrupt_manager.c estimated size: 908

MCAL_Layer/GPIO/hal_gpio.c
		_gpio_pin_write_logic		CODE           	330A	0000	304
		_gpio_pin_direction_initialize		CODE           	31C2	0000	328
		_gpio_pin_initialize		CODE           	3E22	0000	108

MCAL_Layer/GPIO/hal_gpio.c estimated size: 740

C:\Program Files\Microchip\xc8\v2.36\pic\sources\c99\common\abs.c
		_abs           		CODE           	41E8	0000	64

C:\Program Files\Microchip\xc8\v2.36\pic\sources\c99\common\abs.c estimated size: 64

MCAL_Layer/CCP1/hal_ccp1.c
		_hal_ccp_readCaptureValue		CODE           	3B68	0000	150
		_hal_ccp_init  		CODE           	1020	0000	1366
		_CCP1_ISR      		CODE           	4296	0000	48
		_CCP2_ISR      		CODE           	4434	0000	4

MCAL_Layer/CCP1/hal_ccp1.c estimated size: 1568

application.c
		_timer1_app_isr		CODE           	4418	0000	8
		_ccp1_app_isr  		CODE           	3DA8	0000	122
		_main          		CODE           	2BD2	0000	398

application.c estimated size: 528

MCAL_Layer/Timer3/hal_timer3.c
		_Timer3_ISR    		CODE           	4404	0000	12

MCAL_Layer/Timer3/hal_timer3.c estimated size: 12

MCAL_Layer/Timer2/hal_timer2.c
		_Timer2_ISR    		CODE           	4410	0000	8

MCAL_Layer/Timer2/hal_timer2.c estimated size: 8

MCAL_Layer/Timer1/hal_timer1.c
		_hal_timer1_initialize		CODE           	38AC	0000	184
		_hal_timer1_interrupt_handler_init		CODE           	3FAA	0000	86
		_hal_timer1_select_clock_source		CODE           	3D1C	0000	140
		_hal_timer1_write_value		CODE           	3EF2	0000	96
		_hal_timer1_enable		CODE           	4334	0000	26
		_hal_timer1_rw_8bit_16bit_mode		CODE           	40AA	0000	84
		_Timer1_ISR    		CODE           	4228	0000	56
		_hal_timer1_set_prescaler		CODE           	3BFE	0000	144
		_hal_timer1_disable		CODE           	434E	0000	26
		_hal_timer1_interrupt_enable		CODE           	4316	0000	30
		_hal_timer1_synchronize_external_clock		CODE           	4056	0000	84
		_hal_timer1_config_timer1_oscillator		CODE           	40FE	0000	84

MCAL_Layer/Timer1/hal_timer1.c estimated size: 1040

MCAL_Layer/Timer0/hal_timer0.c
		_Timer0_ISR    		CODE           	4424	0000	4

MCAL_Layer/Timer0/hal_timer0.c estimated size: 4

