Microchip MPLAB XC8 Compiler V2.36

Linker command line:

-W-3 --edf=C:\Program Files\Microchip\xc8\v2.36\pic\dat\en_msgs.txt -cn \
  -h+dist/default/production\Embedded_Projects_Ahmed_Abdelghafar_course.production.sym \
  --cmf=dist/default/production\Embedded_Projects_Ahmed_Abdelghafar_course.production.cmf \
  -z -Q18F4620 -oC:\Users\Maghraby\AppData\Local\Temp\xcAs7jc.4 \
  --defsym=__MPLAB_BUILD=1 \
  -Mdist/default/production/Embedded_Projects_Ahmed_Abdelghafar_course.production.map \
  --md=C:\Users\Maghraby\AppData\Local\Temp\xcAs7jc.dat -E1 \
  -ver=XC8 Compiler --acfsm=1493 -ACODE=00h-0FFFFh -ACONST=00h-0FFFFh \
  -ASMALLCONST=01000h-010FFhx240 -AMEDIUMCONST=01000h-0FFFFh \
  -ACOMRAM=01h-07Fh -AABS1=00h-0F7Fh -ABIGRAM=01h-0F7Fh \
  -ARAM=080h-0FFh,0100h-01FFhx14,0F00h-0F7Fh -ABANK0=080h-0FFh \
  -ABANK1=0100h-01FFh -ABANK2=0200h-02FFh -ABANK3=0300h-03FFh \
  -ABANK4=0400h-04FFh -ABANK5=0500h-05FFh -ABANK6=0600h-06FFh \
  -ABANK7=0700h-07FFh -ABANK8=0800h-08FFh -ABANK9=0900h-09FFh \
  -ABANK10=0A00h-0AFFh -ABANK11=0B00h-0BFFh -ABANK12=0C00h-0CFFh \
  -ABANK13=0D00h-0DFFh -ABANK14=0E00h-0EFFh -ABANK15=0F00h-0F7Fh \
  -ASFR=0F80h-0FFFh -ABIGSFR=0F80h-0FFFh -ACONFIG=0300000h-030000Dh \
  -AIDLOC=0200000h-0200007h -AEEDATA=0F00000h-0F003FFh -peeprom_data=EEDATA \
  -preset_vec=00h,intcode=08h,intcodelo,powerup,init -pramtop=01000h \
  -psmallconst=SMALLCONST -pmediumconst=MEDIUMCONST -pconst=CONST \
  -AFARRAM=00h-00h \
  -prdata=COMRAM,nvrram=COMRAM,nvbit=COMRAM,rbss=COMRAM,rbit=COMRAM \
  -pfarbss=FARRAM,fardata=FARRAM,nvFARRAM=FARRAM \
  -pintsave_regs=BIGRAM,bigbss=BIGRAM,bigdata=BIGRAM -pbss=RAM \
  -pidata=CODE,irdata=CODE,ibigdata=CODE,ifardata=CODE -prparam=COMRAM \
  C:\Users\Maghraby\AppData\Local\Temp\xcAs7jc.o \
  dist/default/production\Embedded_Projects_Ahmed_Abdelghafar_course.production.o 

Object code version is 3.11

Machine type is 18F4620



                Name                               Link     Load   Length Selector   Space Scale
C:\Users\Maghraby\AppData\Local\Temp\xcAs7jc.o
                idloc                            200000   200000        8        0       5
                config                           300000   300000        E        0       4
                init                                  E        E        4        4       0
                reset_vec                             0        0        4        0       0
dist/default/production\Embedded_Projects_Ahmed_Abdelghafar_course.production.o
                intcode                               8        8        6        4       0
                idloc                            200000   200000        8        0       5
                config                           300000   300000        E        0       4
                temp                                 7D       7D        1        1       1
                smallconst                         1000     1000       26      800       0
                text25                             271E     271E        4     1332       0
                text24                             271A     271A        4     1332       0
                text23                             2716     2716        4     1332       0
                text22                             2712     2712        4     1332       0
                text21                             270E     270E        4     1332       0
                text20                             270A     270A        4     1332       0
                text19                             26B2     26B2       1A     1332       0
                text18                             2698     2698       1A     1332       0
                text17                             267E     267E       1A     1332       0
                text16                             2664     2664       1A     1332       0
                text15                             2706     2706        4     1332       0
                text14                             26EE     26EE        C     1332       0
                text13                             26FA     26FA        8     1332       0
                text12                             26E2     26E2        C     1332       0
                intcode_body                       1D9C     1D9C      366      813       0
                text10                             1542     1542      4C0      813       0
                text9                              1A02     1A02      39A      813       0
                text8                              22B6     22B6      106      813       0
                text7                              2102     2102      1B4      813       0
                text6                              1026     1026      51C      813       0
                text5                              256A     256A       48      813       0
                text4                              23BC     23BC       BE      813       0
                text3                              247A     247A       9A      813       0
                text2                              26CC     26CC       16     1332       0
                text1                              25F0     25F0       3A      813       0
                text0                              25B2     25B2       3E      813       0
                cstackCOMRAM                          1        1       48        1       1
                cstackBANK0                          B9       B9        2       80       1
                dataBANK0                            80       80       39       80       1
                dataCOMRAM                           79       79        4        1       1
                bssCOMRAM                            49       49       30        1       1
                cinit                              2514     2514       56      813       0
                idataBANK0                         262A     262A       39      813       0
                idataCOMRAM                        2702     2702        4     1332       0

TOTAL           Name                               Link     Load   Length     Space
        CLASS   CODE           
                intcode                               8        8        6         0
                init                                  E        E        4         0
                reset_vec                             0        0        4         0
                text25                             271E     271E        4         0
                text24                             271A     271A        4         0
                text23                             2716     2716        4         0
                text22                             2712     2712        4         0
                text21                             270E     270E        4         0
                text20                             270A     270A        4         0
                text19                             26B2     26B2       1A         0
                text18                             2698     2698       1A         0
                text17                             267E     267E       1A         0
                text16                             2664     2664       1A         0
                text15                             2706     2706        4         0
                text14                             26EE     26EE        C         0
                text13                             26FA     26FA        8         0
                text12                             26E2     26E2        C         0
                intcode_body                       1D9C     1D9C      366         0
                text10                             1542     1542      4C0         0
                text9                              1A02     1A02      39A         0
                text8                              22B6     22B6      106         0
                text7                              2102     2102      1B4         0
                text6                              1026     1026      51C         0
                text5                              256A     256A       48         0
                text4                              23BC     23BC       BE         0
                text3                              247A     247A       9A         0
                text2                              26CC     26CC       16         0
                text1                              25F0     25F0       3A         0
                text0                              25B2     25B2       3E         0
                cinit                              2514     2514       56         0
                idataBANK0                         262A     262A       39         0
                idataCOMRAM                        2702     2702        4         0

        CLASS   CONST          

        CLASS   SMALLCONST     
                smallconst                         1000     1000       26         0

        CLASS   MEDIUMCONST    

        CLASS   COMRAM         
                temp                                 7D       7D        1         1
                cstackCOMRAM                          1        1       48         1
                dataCOMRAM                           79       79        4         1
                bssCOMRAM                            49       49       30         1

        CLASS   ABS1           

        CLASS   BIGRAM         

        CLASS   RAM            

        CLASS   BANK0          
                cstackBANK0                          B9       B9        2         1
                dataBANK0                            80       80       39         1

        CLASS   BANK1          

        CLASS   BANK2          

        CLASS   BANK3          

        CLASS   BANK4          

        CLASS   BANK5          

        CLASS   BANK6          

        CLASS   BANK7          

        CLASS   BANK8          

        CLASS   BANK9          

        CLASS   BANK10         

        CLASS   BANK11         

        CLASS   BANK12         

        CLASS   BANK13         

        CLASS   BANK14         

        CLASS   BANK15         

        CLASS   SFR            

        CLASS   BIGSFR         

        CLASS   CONFIG         
                config                           300000   300000        E         4

        CLASS   IDLOC          
                idloc                            200000   200000        8         5

        CLASS   EEDATA         

        CLASS   FARRAM         

        CLASS   HEAP           

        CLASS   STACK          



SEGMENTS        Name                           Load    Length   Top    Selector   Space  Class

                reset_vec                      000000  000004  000004         0       0  CODE    
                cstackCOMRAM                   000001  00007D  00007E         1       1  COMRAM  
                intcode                        000008  00000A  000012         4       0  CODE    
                dataBANK0                      000080  00003B  0000BB        80       1  BANK0   
                smallconst                     001000  000026  001026       800       0  SMALLCON
                text6                          001026  00163D  002663       813       0  CODE    
                text16                         002664  0000BE  002722      1332       0  CODE    


UNUSED ADDRESS RANGES

        Name                Unused          Largest block    Delta
        BANK0            0000BB-0000FF               45
        BANK1            000100-0001FF              100
        BANK10           000A00-000AFF              100
        BANK11           000B00-000BFF              100
        BANK12           000C00-000CFF              100
        BANK13           000D00-000DFF              100
        BANK14           000E00-000EFF              100
        BANK15           000F00-000F7F               80
        BANK2            000200-0002FF              100
        BANK3            000300-0003FF              100
        BANK4            000400-0004FF              100
        BANK5            000500-0005FF              100
        BANK6            000600-0006FF              100
        BANK7            000700-0007FF              100
        BANK8            000800-0008FF              100
        BANK9            000900-0009FF              100
        BIGRAM           00007E-00007F                2
                         0000BB-000F7F              EC5
        BIGSFR           000F80-000FFF               80
        CODE             000004-000007                4
                         000012-000FFF              FEE
                         002663-002663                1
                         002722-00FFFF             D8DE
        COMRAM           00007E-00007F                2
        CONST            000004-000007                4
                         000012-000FFF              FEE
                         002663-002663                1
                         002722-00FFFF             D8DE
        EEDATA           F00000-F003FF              400
        MEDIUMCONST      002663-002663                1
                         002722-00FFFF             D8DE
        RAM              0000BB-000F7F              100
        SFR              000F80-000FFF               80
        SMALLCONST       002663-002663                1
                         002722-00FFFF              100

                                  Symbol Table

?___fladd                                            cstackCOMRAM 000029
?___fldiv                                            cstackCOMRAM 000010
?___fltol                                            cstackCOMRAM 000002
?___xxtofl                                           cstackCOMRAM 000002
RB4_ISR@source                                       cstackCOMRAM 000001
RB5_ISR@source                                       cstackCOMRAM 000001
RB6_ISR@source                                       cstackCOMRAM 000001
RB7_ISR@source                                       cstackCOMRAM 000001
_ADCON0bits                                          (abs)        000FC2
_ADCON1bits                                          (abs)        000FC1
_ADCON2bits                                          (abs)        000FC0
_ADC_ISR                                             text25       00271E
_ADC_InterruptHandler                                bssCOMRAM    00006F
_ADRESH                                              (abs)        000FC4
_ADRESL                                              (abs)        000FC3
_BAUDCONbits                                         (abs)        000FB8
_CCP1CONbits                                         (abs)        000FBD
_CCP1_ISR                                            text24       00271A
_CCP1_InterruptHandler                               bssCOMRAM    00006D
_CCP2CONbits                                         (abs)        000FBA
_CCP2_ISR                                            text23       002716
_CCP2_InterruptHandler                               bssCOMRAM    00006B
_CCPR1H                                              (abs)        000FBF
_CCPR1L                                              (abs)        000FBE
_CCPR2H                                              (abs)        000FBC
_CCPR2L                                              (abs)        000FBB
_EEADR                                               (abs)        000FA9
_EEADRH                                              (abs)        000FAA
_EECON1bits                                          (abs)        000FA6
_EECON2                                              (abs)        000FA7
_EEDATA                                              (abs)        000FA8
_INT0_ISR                                            text22       002712
_INT0_InterruptHandler                               bssCOMRAM    000069
_INT1_ISR                                            text21       00270E
_INT1_InterruptHandler                               bssCOMRAM    000067
_INT2_ISR                                            text20       00270A
_INT2_InterruptHandler                               bssCOMRAM    000065
_INTCON2bits                                         (abs)        000FF1
_INTCON3bits                                         (abs)        000FF0
_INTCONbits                                          (abs)        000FF2
_InterruptManager                                    intcode      000008
_LATA                                                (abs)        000F89
_LATB                                                (abs)        000F8A
_LATC                                                (abs)        000F8B
_LATD                                                (abs)        000F8C
_LATE                                                (abs)        000F8D
_PIE1bits                                            (abs)        000F9D
_PIE2bits                                            (abs)        000FA0
_PIR1bits                                            (abs)        000F9E
_PIR2bits                                            (abs)        000FA1
_PORTA                                               (abs)        000F80
_PORTB                                               (abs)        000F81
_PORTBbits                                           (abs)        000F81
_PORTC                                               (abs)        000F82
_PORTD                                               (abs)        000F83
_PORTE                                               (abs)        000F84
_PR2                                                 (abs)        000FCB
_RB4_Flag                                            dataCOMRAM   00007C
_RB4_ISR                                             text19       0026B2
_RB4_InterruptHandler_High                           bssCOMRAM    000063
_RB4_InterruptHandler_Low                            bssCOMRAM    000061
_RB5_Flag                                            dataCOMRAM   00007B
_RB5_ISR                                             text18       002698
_RB5_InterruptHandler_High                           bssCOMRAM    00005F
_RB5_InterruptHandler_Low                            bssCOMRAM    00005D
_RB6_Flag                                            dataCOMRAM   00007A
_RB6_ISR                                             text17       00267E
_RB6_InterruptHandler_High                           bssCOMRAM    00005B
_RB6_InterruptHandler_Low                            bssCOMRAM    000059
_RB7_Flag                                            dataCOMRAM   000079
_RB7_ISR                                             text16       002664
_RB7_InterruptHandler_High                           bssCOMRAM    000057
_RB7_InterruptHandler_Low                            bssCOMRAM    000055
_RCSTAbits                                           (abs)        000FAB
_SPBRG                                               (abs)        000FAF
_SPBRGH                                              (abs)        000FB0
_T0CONbits                                           (abs)        000FD5
_T1CONbits                                           (abs)        000FCD
_T2CONbits                                           (abs)        000FCA
_T3CONbits                                           (abs)        000FB1
_TMR0H                                               (abs)        000FD7
_TMR0L                                               (abs)        000FD6
_TMR0_InterruptHandler                               bssCOMRAM    000053
_TMR1                                                (abs)        000FCE
_TMR1H                                               (abs)        000FCF
_TMR1L                                               (abs)        000FCE
_TMR1_InterruptHandler                               bssCOMRAM    000051
_TMR2                                                (abs)        000FCC
_TMR2_InterruptHandler                               bssCOMRAM    00004D
_TMR3                                                (abs)        000FB2
_TMR3H                                               (abs)        000FB3
_TMR3L                                               (abs)        000FB2
_TMR3_InterruptHandler                               bssCOMRAM    00004B
_TRISA                                               (abs)        000F92
_TRISB                                               (abs)        000F93
_TRISC                                               (abs)        000F94
_TRISCbits                                           (abs)        000F94
_TRISD                                               (abs)        000F95
_TRISE                                               (abs)        000F96
_TXREG                                               (abs)        000FAD
_TXSTAbits                                           (abs)        000FAC
_Timer0_ISR                                          text15       002706
_Timer1_ISR                                          text14       0026EE
_Timer2_ISR                                          text13       0026FA
_Timer3_ISR                                          text12       0026E2
__HRAM                                               (abs)        000000
__Habs1                                              abs1         000000
__Hbank0                                             bank0        000000
__Hbank1                                             bank1        000000
__Hbank10                                            bank10       000000
__Hbank11                                            bank11       000000
__Hbank12                                            bank12       000000
__Hbank13                                            bank13       000000
__Hbank14                                            bank14       000000
__Hbank15                                            bank15       000000
__Hbank2                                             bank2        000000
__Hbank3                                             bank3        000000
__Hbank4                                             bank4        000000
__Hbank5                                             bank5        000000
__Hbank6                                             bank6        000000
__Hbank7                                             bank7        000000
__Hbank8                                             bank8        000000
__Hbank9                                             bank9        000000
__Hbigbss                                            bigbss       000000
__Hbigdata                                           bigdata      000000
__Hbigram                                            bigram       000000
__Hbigsfr                                            bigsfr       000000
__Hbss                                               bss          000000
__HbssCOMRAM                                         bssCOMRAM    000000
__Hcinit                                             cinit        000000
__Hclrtext                                           clrtext      000000
__Hcomram                                            comram       000000
__Hconfig                                            config       30000E
__Hconst                                             const        000000
__HcstackBANK0                                       cstackBANK0  000000
__HcstackCOMRAM                                      cstackCOMRAM 000000
__Hdata                                              data         000000
__HdataBANK0                                         dataBANK0    000000
__HdataCOMRAM                                        dataCOMRAM   000000
__Heeprom_data                                       eeprom_data  000000
__Hfarbss                                            farbss       000000
__Hfardata                                           fardata      000000
__Hheap                                              heap         000000
__Hibigdata                                          ibigdata     000000
__Hidata                                             idata        000000
__HidataBANK0                                        idataBANK0   000000
__HidataCOMRAM                                       idataCOMRAM  000000
__Hidloc                                             idloc        200008
__Hifardata                                          ifardata     000000
__Hinit                                              init         000012
__Hintcode                                           intcode      00000E
__Hintcode_body                                      intcode_body 000000
__Hintcodelo                                         intcodelo    00000E
__Hintentry                                          intentry     000000
__Hintret                                            intret       000000
__Hintsave_regs                                      intsave_regs 000000
__Hirdata                                            irdata       000000
__Hmediumconst                                       mediumconst  000000
__HnvFARRAM                                          nvFARRAM     000000
__Hnvbit                                             nvbit        000000
__Hnvrram                                            nvrram       000000
__Hparam                                             rparam       000000
__Hpowerup                                           powerup      00000E
__Hram                                               ram          000000
__Hramtop                                            ramtop       001000
__Hrbit                                              rbit         000000
__Hrbss                                              rbss         000000
__Hrdata                                             rdata        000000
__Hreset_vec                                         reset_vec    000004
__Hrparam                                            rparam       000000
__Hsfr                                               sfr          000000
__Hsmallconst                                        smallconst   001026
__Hspace_0                                           (abs)        002722
__Hspace_1                                           (abs)        0000BB
__Hspace_2                                           (abs)        000000
__Hspace_4                                           (abs)        60000E
__Hstack                                             stack        000000
__Hstruct                                            struct       000000
__Htemp                                              temp         00007E
__Htext                                              text         000000
__Htext0                                             text0        000000
__Htext1                                             text1        000000
__Htext10                                            text10       000000
__Htext12                                            text12       000000
__Htext13                                            text13       000000
__Htext14                                            text14       000000
__Htext15                                            text15       000000
__Htext16                                            text16       000000
__Htext17                                            text17       000000
__Htext18                                            text18       000000
__Htext19                                            text19       000000
__Htext2                                             text2        000000
__Htext20                                            text20       000000
__Htext21                                            text21       000000
__Htext22                                            text22       000000
__Htext23                                            text23       000000
__Htext24                                            text24       000000
__Htext25                                            text25       000000
__Htext3                                             text3        000000
__Htext4                                             text4        000000
__Htext5                                             text5        000000
__Htext6                                             text6        000000
__Htext7                                             text7        000000
__Htext8                                             text8        000000
__Htext9                                             text9        000000
__LRAM                                               (abs)        000001
__Labs1                                              abs1         000000
__Lbank0                                             bank0        000000
__Lbank1                                             bank1        000000
__Lbank10                                            bank10       000000
__Lbank11                                            bank11       000000
__Lbank12                                            bank12       000000
__Lbank13                                            bank13       000000
__Lbank14                                            bank14       000000
__Lbank15                                            bank15       000000
__Lbank2                                             bank2        000000
__Lbank3                                             bank3        000000
__Lbank4                                             bank4        000000
__Lbank5                                             bank5        000000
__Lbank6                                             bank6        000000
__Lbank7                                             bank7        000000
__Lbank8                                             bank8        000000
__Lbank9                                             bank9        000000
__Lbigbss                                            bigbss       000000
__Lbigdata                                           bigdata      000000
__Lbigram                                            bigram       000000
__Lbigsfr                                            bigsfr       000000
__Lbss                                               bss          000000
__LbssCOMRAM                                         bssCOMRAM    000000
__Lcinit                                             cinit        000000
__Lclrtext                                           clrtext      000000
__Lcomram                                            comram       000000
__Lconfig                                            config       000000
__Lconst                                             const        000000
__LcstackBANK0                                       cstackBANK0  000000
__LcstackCOMRAM                                      cstackCOMRAM 000000
__Ldata                                              data         000000
__LdataBANK0                                         dataBANK0    000000
__LdataCOMRAM                                        dataCOMRAM   000000
__Leeprom_data                                       eeprom_data  000000
__Lfarbss                                            farbss       000000
__Lfardata                                           fardata      000000
__Lheap                                              heap         000000
__Libigdata                                          ibigdata     000000
__Lidata                                             idata        000000
__LidataBANK0                                        idataBANK0   000000
__LidataCOMRAM                                       idataCOMRAM  000000
__Lidloc                                             idloc        000000
__Lifardata                                          ifardata     000000
__Linit                                              init         00000E
__Lintcode                                           intcode      000008
__Lintcode_body                                      intcode_body 000000
__Lintcodelo                                         intcodelo    00000E
__Lintentry                                          intentry     000000
__Lintret                                            intret       000000
__Lintsave_regs                                      intsave_regs 000000
__Lirdata                                            irdata       000000
__Lmediumconst                                       mediumconst  000000
__LnvFARRAM                                          nvFARRAM     000000
__Lnvbit                                             nvbit        000000
__Lnvrram                                            nvrram       000000
__Lparam                                             rparam       000000
__Lpowerup                                           powerup      00000E
__Lram                                               ram          000000
__Lramtop                                            ramtop       001000
__Lrbit                                              rbit         000000
__Lrbss                                              rbss         000000
__Lrdata                                             rdata        000000
__Lreset_vec                                         reset_vec    000000
__Lrparam                                            rparam       000000
__Lsfr                                               sfr          000000
__Lsmallconst                                        smallconst   001000
__Lspace_0                                           (abs)        000000
__Lspace_1                                           (abs)        000000
__Lspace_2                                           (abs)        000000
__Lspace_4                                           (abs)        000000
__Lstack                                             stack        000000
__Lstruct                                            struct       000000
__Ltemp                                              temp         00007D
__Ltext                                              text         000000
__Ltext0                                             text0        000000
__Ltext1                                             text1        000000
__Ltext10                                            text10       000000
__Ltext12                                            text12       000000
__Ltext13                                            text13       000000
__Ltext14                                            text14       000000
__Ltext15                                            text15       000000
__Ltext16                                            text16       000000
__Ltext17                                            text17       000000
__Ltext18                                            text18       000000
__Ltext19                                            text19       000000
__Ltext2                                             text2        000000
__Ltext20                                            text20       000000
__Ltext21                                            text21       000000
__Ltext22                                            text22       000000
__Ltext23                                            text23       000000
__Ltext24                                            text24       000000
__Ltext25                                            text25       000000
__Ltext3                                             text3        000000
__Ltext4                                             text4        000000
__Ltext5                                             text5        000000
__Ltext6                                             text6        000000
__Ltext7                                             text7        000000
__Ltext8                                             text8        000000
__Ltext9                                             text9        000000
__S0                                                 (abs)        002722
__S1                                                 (abs)        0000BB
__S4                                                 (abs)        000000
__S5                                                 (abs)        000000
___fladd                                             text10       001542
___fladd@a                                           cstackCOMRAM 00002D
___fladd@aexp                                        cstackCOMRAM 000036
___fladd@b                                           cstackCOMRAM 000029
___fladd@bexp                                        cstackCOMRAM 000037
___fladd@grs                                         cstackCOMRAM 000038
___fladd@signs                                       cstackCOMRAM 000035
___fldiv                                             text9        001A02
___fldiv@a                                           cstackCOMRAM 000014
___fldiv@aexp                                        cstackCOMRAM 000028
___fldiv@b                                           cstackCOMRAM 000010
___fldiv@bexp                                        cstackCOMRAM 000027
___fldiv@grs                                         cstackCOMRAM 000023
___fldiv@new_exp                                     cstackCOMRAM 000021
___fldiv@rem                                         cstackCOMRAM 00001C
___fldiv@sign                                        cstackCOMRAM 000020
___fltol                                             text8        0022B6
___fltol@exp1                                        cstackCOMRAM 00000B
___fltol@f1                                          cstackCOMRAM 000002
___fltol@sign1                                       cstackCOMRAM 00000A
___heap_hi                                           (abs)        000000
___heap_lo                                           (abs)        000000
___inthi_sp                                          stack        000000
___intlo_sp                                          stack        000000
___param_bank                                        (abs)        000000
___rparam_used                                       (abs)        000001
___sp                                                stack        000000
___xxtofl                                            text7        002102
___xxtofl@arg                                        cstackCOMRAM 00000C
___xxtofl@exp                                        cstackCOMRAM 00000B
___xxtofl@sign                                       cstackCOMRAM 00000A
___xxtofl@val                                        cstackCOMRAM 000002
__accesstop                                          (abs)        000080
__activetblptr                                       (abs)        000003
__end_of_ADC_ISR                                     text25       002722
__end_of_CCP1_ISR                                    text24       00271E
__end_of_CCP2_ISR                                    text23       00271A
__end_of_INT0_ISR                                    text22       002716
__end_of_INT1_ISR                                    text21       002712
__end_of_INT2_ISR                                    text20       00270E
__end_of_InterruptManager                            intcode_body 002102
__end_of_RB4_ISR                                     text19       0026CC
__end_of_RB5_ISR                                     text18       0026B2
__end_of_RB6_ISR                                     text17       002698
__end_of_RB7_ISR                                     text16       00267E
__end_of_Timer0_ISR                                  text15       00270A
__end_of_Timer1_ISR                                  text14       0026FA
__end_of_Timer2_ISR                                  text13       002702
__end_of_Timer3_ISR                                  text12       0026EE
__end_of___fladd                                     text10       001A02
__end_of___fldiv                                     text9        001D9C
__end_of___fltol                                     text8        0023BC
__end_of___xxtofl                                    text7        0022B6
__end_of__initialization                             cinit        002560
__end_of_eusart_baudrate_configuration_bits_init     text6        001542
__end_of_eusart_rx_init                              text5        0025B2
__end_of_eusart_tx_init                              text4        00247A
__end_of_keypad_btns                                 smallconst   001011
__end_of_main                                        text0        0025F0
__end_of_mcal_eusart_asynchronous_init               text3        002514
__end_of_mcal_eusart_send_byte_blocking              text2        0026E2
__end_of_mcal_eusart_send_string_blocking            text1        00262A
__initialization                                     cinit        002514
__mediumconst                                        mediumconst  000000
__pbssCOMRAM                                         bssCOMRAM    000049
__pcinit                                             cinit        002514
__pcstackBANK0                                       cstackBANK0  0000B9
__pcstackCOMRAM                                      cstackCOMRAM 000001
__pdataBANK0                                         dataBANK0    000080
__pdataCOMRAM                                        dataCOMRAM   000079
__pidataBANK0                                        idataBANK0   00262A
__pidataCOMRAM                                       idataCOMRAM  002702
__pintcode                                           intcode      000008
__pintcode_body                                      intcode_body 001D9C
__psmallconst                                        smallconst   001000
__ptext0                                             text0        0025B2
__ptext1                                             text1        0025F0
__ptext10                                            text10       001542
__ptext12                                            text12       0026E2
__ptext13                                            text13       0026FA
__ptext14                                            text14       0026EE
__ptext15                                            text15       002706
__ptext16                                            text16       002664
__ptext17                                            text17       00267E
__ptext18                                            text18       002698
__ptext19                                            text19       0026B2
__ptext2                                             text2        0026CC
__ptext20                                            text20       00270A
__ptext21                                            text21       00270E
__ptext22                                            text22       002712
__ptext23                                            text23       002716
__ptext24                                            text24       00271A
__ptext25                                            text25       00271E
__ptext3                                             text3        00247A
__ptext4                                             text4        0023BC
__ptext5                                             text5        00256A
__ptext6                                             text6        001026
__ptext7                                             text7        002102
__ptext8                                             text8        0022B6
__ptext9                                             text9        001A02
__ramtop                                             ramtop       001000
__smallconst                                         smallconst   001000
_eusart                                              dataBANK0    0000A8
_eusartTX                                            dataBANK0    0000B6
_eusart_baudrate_configuration_bits_init             text6        001026
_eusart_baudrate_configuration_bits_init$4789        cstackCOMRAM 00003D
_eusart_rx_init                                      text5        00256A
_eusart_tx_init                                      text4        0023BC
_lat_registers                                       dataBANK0    00008A
_lcd_1                                               dataBANK0    0000B0
_lcd_2                                               dataBANK0    00009E
_main                                                text0        0025B2
_mcal_eusart_asynchronous_init                       text3        00247A
_mcal_eusart_send_byte_blocking                      text2        0026CC
_mcal_eusart_send_string_blocking                    text1        0025F0
_port_registers                                      dataBANK0    000080
_timer1_isr_preload_value                            bssCOMRAM    00004F
_timer2_preload                                      bssCOMRAM    000071
_timer3_isr_preload_value                            bssCOMRAM    000049
_tris_registers                                      dataBANK0    000094
btemp                                                temp         00007D
end_of_initialization                                cinit        002560
eusart_baudrate_configuration_bits_init@baudrate_val cstackCOMRAM 000041
eusart_baudrate_configuration_bits_init@eusart_obj   cstackCOMRAM 000039
eusart_rx_init@eusart_rx_obj                         cstackCOMRAM 000002
eusart_tx_init@eusart_tx_obj                         cstackCOMRAM 000002
int$flags                                            temp         00007D
int_func                                             intcode_body 001D9C
intlevel0                                            text         000000
intlevel1                                            text         000000
intlevel2                                            text         000000
intlevel3                                            text         000000
isa$std                                              (abs)        000001
isa$xinst                                            (abs)        000000
led_initialize@F2881                                 bssCOMRAM    000078
led_toggle@F2896                                     bssCOMRAM    000075
led_turn_off@F2891                                   bssCOMRAM    000076
led_turn_on@F2886                                    bssCOMRAM    000077
mcal_eusart_asynchronous_init@eusart_obj             cstackCOMRAM 000045
mcal_eusart_send_byte_blocking@data                  cstackCOMRAM 000002
mcal_eusart_send_string_blocking@str                 cstackCOMRAM 000003
mcal_eusart_send_string_blocking@str_copied          cstackCOMRAM 000006
mcal_eusart_send_string_blocking@str_length          cstackCOMRAM 000005
mcal_eusart_send_string_blocking@str_length_copied   cstackCOMRAM 000008
relay_Off@F2889                                      bssCOMRAM    000072
relay_On@F2884                                       bssCOMRAM    000073
relay_initialize@F2879                               bssCOMRAM    000074
stackhi                                              (abs)        000000
stacklo                                              (abs)        000000
start                                                init         00000E
start_initialization                                 cinit        002514
ttemp5                                               temp         00007E
ttemp6                                               temp         000081
ttemp7                                               temp         000085
wtemp8                                               temp         00007E


MODULE INFORMATION

Module		Function		Class		Link	Load	Size
C:\Program Files\Microchip\xc8\v2.36\pic\sources\c99\common\sprcdiv.c
		___fldiv       		CODE           	1A02	0000	922

C:\Program Files\Microchip\xc8\v2.36\pic\sources\c99\common\sprcdiv.c estimated size: 922

MCAL_Layer/EUSART/hal_eusart.c
		_mcal_eusart_asynchronous_init		CODE           	247A	0000	154
		_eusart_rx_init		CODE           	256A	0000	72
		_eusart_tx_init		CODE           	23BC	0000	190
		_mcal_eusart_send_byte_blocking		CODE           	26CC	0000	22
		_eusart_baudrate_configuration_bits_init		CODE           	1026	0000	1308
		_mcal_eusart_send_string_blocking		CODE           	25F0	0000	58

MCAL_Layer/EUSART/hal_eusart.c estimated size: 1804

C:\Program Files\Microchip\xc8\v2.36\pic\sources\c99\common\xxtofl.c
		___xxtofl      		CODE           	2102	0000	436

C:\Program Files\Microchip\xc8\v2.36\pic\sources\c99\common\xxtofl.c estimated size: 436

C:\Program Files\Microchip\xc8\v2.36\pic\sources\c99\common\sprcadd.c
		___fladd       		CODE           	1542	0000	1216

C:\Program Files\Microchip\xc8\v2.36\pic\sources\c99\common\sprcadd.c estimated size: 1216

C:\Program Files\Microchip\xc8\v2.36\pic\sources\c99\common\fltol.c
		___fltol       		CODE           	22B6	0000	262

C:\Program Files\Microchip\xc8\v2.36\pic\sources\c99\common\fltol.c estimated size: 262

shared
		__initialization		CODE           	2514	0000	76
		_keypad_btns   		SMALLCONST     	0000	0000	0

shared estimated size: 76

MCAL_Layer/Interrupt/mcal_external_interrupt.c
		_RB4_ISR       		CODE           	26B2	0000	26
		_RB5_ISR       		CODE           	2698	0000	26
		_RB6_ISR       		CODE           	267E	0000	26
		_RB7_ISR       		CODE           	2664	0000	26
		_INT0_ISR      		CODE           	2712	0000	4
		_INT1_ISR      		CODE           	270E	0000	4
		_INT2_ISR      		CODE           	270A	0000	4

MCAL_Layer/Interrupt/mcal_external_interrupt.c estimated size: 116

MCAL_Layer/ADC/hal_adc.c
		_ADC_ISR       		CODE           	271E	0000	4

MCAL_Layer/ADC/hal_adc.c estimated size: 4

MCAL_Layer/Interrupt/mcal_interrupt_manager.c
		_InterruptManager		CODE           	0008	0000	876

MCAL_Layer/Interrupt/mcal_interrupt_manager.c estimated size: 876

MCAL_Layer/CCP1/hal_ccp1.c
		_CCP1_ISR      		CODE           	271A	0000	4
		_CCP2_ISR      		CODE           	2716	0000	4

MCAL_Layer/CCP1/hal_ccp1.c estimated size: 8

application.c
		_main          		CODE           	25B2	0000	62

application.c estimated size: 62

MCAL_Layer/Timer3/hal_timer3.c
		_Timer3_ISR    		CODE           	26E2	0000	12

MCAL_Layer/Timer3/hal_timer3.c estimated size: 12

MCAL_Layer/Timer2/hal_timer2.c
		_Timer2_ISR    		CODE           	26FA	0000	8

MCAL_Layer/Timer2/hal_timer2.c estimated size: 8

MCAL_Layer/Timer1/hal_timer1.c
		_Timer1_ISR    		CODE           	26EE	0000	12

MCAL_Layer/Timer1/hal_timer1.c estimated size: 12

MCAL_Layer/Timer0/hal_timer0.c
		_Timer0_ISR    		CODE           	2706	0000	4

MCAL_Layer/Timer0/hal_timer0.c estimated size: 4

